Command line invocation:
    /Applications/Xcode.app/Contents/Developer/usr/bin/xcodebuild -scheme RunningTraining -sdk iphonesimulator -destination "platform=iOS Simulator,name=iPhone 15,OS=latest" clean build

Build settings from command line:
    SDKROOT = iphonesimulator18.5

2025-12-24 09:46:05.931 xcodebuild[48682:1732541] Writing error result bundle to /var/folders/hq/6d1v051x0ml1k8z66x7m8bd80000gn/T/ResultBundle_2025-24-12_09-46-0005.xcresult
xcodebuild: error: Unable to find a device matching the provided destination specifier:
		{ platform:iOS Simulator, OS:latest, name:iPhone 15 }

	The requested device could not be found because no available devices matched the request.

	Available destinations for the "RunningTraining" scheme:
		{ platform:macOS, arch:arm64, variant:Designed for [iPad,iPhone], id:00008132-0014295226D3801C, name:My Mac }
		{ platform:iOS, id:dvtdevice-DVTiPhonePlaceholder-iphoneos:placeholder, name:Any iOS Device }
		{ platform:iOS Simulator, id:dvtdevice-DVTiOSDeviceSimulatorPlaceholder-iphonesimulator:placeholder, name:Any iOS Simulator Device }
		{ platform:iOS Simulator, arch:arm64, id:0B87C2F3-15F7-42DF-B801-58C39344D341, OS:18.6, name:iPad (A16) }
		{ platform:iOS Simulator, arch:x86_64, id:0B87C2F3-15F7-42DF-B801-58C39344D341, OS:18.6, name:iPad (A16) }
		{ platform:iOS Simulator, arch:arm64, id:C29C6141-6701-4CD8-BE53-C3DBBD453816, OS:18.6, name:iPad Air 11-inch (M3) }
		{ platform:iOS Simulator, arch:x86_64, id:C29C6141-6701-4CD8-BE53-C3DBBD453816, OS:18.6, name:iPad Air 11-inch (M3) }
		{ platform:iOS Simulator, arch:arm64, id:9E0006C6-8FD2-43BB-BB37-F76EA07B2263, OS:18.6, name:iPad Air 13-inch (M3) }
		{ platform:iOS Simulator, arch:x86_64, id:9E0006C6-8FD2-43BB-BB37-F76EA07B2263, OS:18.6, name:iPad Air 13-inch (M3) }
		{ platform:iOS Simulator, arch:arm64, id:E69279A0-1CB9-489D-8B62-690B1B474B20, OS:18.6, name:iPad Pro 11-inch (M4) }
		{ platform:iOS Simulator, arch:x86_64, id:E69279A0-1CB9-489D-8B62-690B1B474B20, OS:18.6, name:iPad Pro 11-inch (M4) }
		{ platform:iOS Simulator, arch:arm64, id:1266559E-2D00-4DC7-894D-8DCFA2468386, OS:18.6, name:iPad Pro 13-inch (M4) }
		{ platform:iOS Simulator, arch:x86_64, id:1266559E-2D00-4DC7-894D-8DCFA2468386, OS:18.6, name:iPad Pro 13-inch (M4) }
		{ platform:iOS Simulator, arch:arm64, id:E273D9BE-8C0A-44C0-87F5-9993465A18B1, OS:18.6, name:iPad mini (A17 Pro) }
		{ platform:iOS Simulator, arch:x86_64, id:E273D9BE-8C0A-44C0-87F5-9993465A18B1, OS:18.6, name:iPad mini (A17 Pro) }
		{ platform:iOS Simulator, arch:arm64, id:2EB437A7-E937-4933-A7A3-82EE06E8A58B, OS:18.6, name:iPhone 16 }
		{ platform:iOS Simulator, arch:x86_64, id:2EB437A7-E937-4933-A7A3-82EE06E8A58B, OS:18.6, name:iPhone 16 }
		{ platform:iOS Simulator, arch:arm64, id:4D494F6D-927A-4F58-8BD4-2BC2F252A59D, OS:18.6, name:iPhone 16 Plus }
		{ platform:iOS Simulator, arch:x86_64, id:4D494F6D-927A-4F58-8BD4-2BC2F252A59D, OS:18.6, name:iPhone 16 Plus }
		{ platform:iOS Simulator, arch:arm64, id:64B7C28C-5414-4E2E-9D21-76DE318ED32D, OS:18.6, name:iPhone 16 Pro }
		{ platform:iOS Simulator, arch:x86_64, id:64B7C28C-5414-4E2E-9D21-76DE318ED32D, OS:18.6, name:iPhone 16 Pro }
		{ platform:iOS Simulator, arch:arm64, id:3590F5AE-15DE-40A3-BE67-348C29A7EE2E, OS:18.6, name:iPhone 16 Pro Max }
		{ platform:iOS Simulator, arch:x86_64, id:3590F5AE-15DE-40A3-BE67-348C29A7EE2E, OS:18.6, name:iPhone 16 Pro Max }
		{ platform:iOS Simulator, arch:arm64, id:4A8A03E6-CD2D-4A12-9728-CE4D0ED5C3D0, OS:18.6, name:iPhone 16 Test }
		{ platform:iOS Simulator, arch:x86_64, id:4A8A03E6-CD2D-4A12-9728-CE4D0ED5C3D0, OS:18.6, name:iPhone 16 Test }
		{ platform:iOS Simulator, arch:arm64, id:CD40AB53-033F-4455-89D8-74BD47A8C64B, OS:18.6, name:iPhone 16e }
		{ platform:iOS Simulator, arch:x86_64, id:CD40AB53-033F-4455-89D8-74BD47A8C64B, OS:18.6, name:iPhone 16e }
